00:02:26  ============================================================
00:02:26  Reddit Bot Analysis V2 — collection  month=2026-06
00:02:26  ============================================================
00:02:26  Subreddits (override): ['india', 'indiaspeaks']
00:02:26    r/india
00:03:15      30 posts  312 comment-rows
00:03:17    r/indiaspeaks
00:04:06      30 posts  302 comment-rows
00:04:07  Phase 1 done — 60 posts  614 comment-rows
00:04:07  Accounts: 42 posters + 540 commenters = 576 unique  (576 to fetch, 0 cached)
00:05:59    profiles 100/576 …
00:07:51    profiles 200/576 …
00:09:44    profiles 300/576 …
00:11:36    profiles 400/576 …
00:13:28    profiles 500/576 …
00:14:54  Profiles fetched: 576 total in cache
00:21:21  ============================================================
00:21:21  Reddit Bot Analysis V2 — collection  month=2026-06
00:21:21  ============================================================
00:21:21  Subreddits (override): ['india', 'indiaspeaks']
00:21:21  Resuming: 2 subs already done (indiaspeaks, india)
00:21:21    r/india                     skip (checkpoint)
00:21:21    r/indiaspeaks               skip (checkpoint)
00:21:21  Phase 1 done — 60 posts  614 comment-rows
00:21:21  Accounts: 42 posters + 540 commenters = 576 unique  (576 to fetch, 0 cached)
00:23:13    profiles 100/576 …
00:25:05    profiles 200/576 …
00:26:59    profiles 300/576 …
00:28:51    profiles 400/576 …
00:30:44    profiles 500/576 …
00:32:09  Profiles fetched: 564 total in cache
00:32:09  posts    → posts_2026-06.csv  (60 rows)
00:32:09  comments → commenters_2026-06.csv  (614 rows)
00:32:09  Checkpoint cleared — collection complete.
00:32:09  ============================================================
00:53:30  ============================================================
00:53:30  Reddit Bot Analysis V2 — collection  month=2026-06
00:53:30  Posts cap: 40/month  Comment sample: 10/month
00:53:30  ============================================================
00:53:30  Subreddits (file): 25
00:53:57      r/india: 40 posts  10 comment-sampled  104 comment rows
00:54:25      r/BollyBlindsNGossip: 32 posts  10 comment-sampled  108 comment rows
00:54:53      r/indiasocial: 34 posts  10 comment-sampled  103 comment rows
00:55:22      r/developersIndia: 39 posts  10 comment-sampled  112 comment rows
00:55:51      r/IndiaCricket: 32 posts  10 comment-sampled  103 comment rows
00:56:18      r/bollywood: 25 posts  10 comment-sampled  106 comment rows
00:56:44      r/IndianStockMarket: 40 posts  10 comment-sampled  104 comment rows
00:57:11      r/indiaspeaks: 23 posts  10 comment-sampled  102 comment rows
00:57:34      r/IndiaInvestments: 25 posts  10 comment-sampled  50 comment rows
00:58:01      r/AskIndia: 19 posts  10 comment-sampled  109 comment rows
00:58:27      r/ipl: 40 posts  10 comment-sampled  97 comment rows
00:58:53      r/IndiaTech: 31 posts  10 comment-sampled  105 comment rows
00:59:21      r/IndianGaming: 40 posts  10 comment-sampled  105 comment rows
00:59:48      r/RelationshipIndia: 39 posts  10 comment-sampled  110 comment rows
01:00:18      r/personalfinanceindia: 40 posts  10 comment-sampled  109 comment rows
01:00:45      r/unitedstatesofindia: 40 posts  10 comment-sampled  103 comment rows
01:01:11      r/IndianStreetBets: 37 posts  10 comment-sampled  102 comment rows
01:01:38      r/JEENEETards: 39 posts  10 comment-sampled  107 comment rows
01:02:03      r/ISRO: 22 posts  10 comment-sampled  59 comment rows
01:02:31      r/UPSC: 32 posts  10 comment-sampled  106 comment rows
01:02:59      r/StartUpIndia: 40 posts  10 comment-sampled  109 comment rows
01:03:28      r/TwoXIndia: 34 posts  10 comment-sampled  105 comment rows
01:03:55      r/teenindia: 35 posts  10 comment-sampled  100 comment rows
01:04:29      r/AskIndianWomen: 31 posts  10 comment-sampled  108 comment rows
01:04:55      r/IndianFood: 40 posts  10 comment-sampled  102 comment rows
01:04:57  Phase 1 done — 849 posts  2528 comment rows
01:04:57  Accounts: 703 posters + 2340 commenters = 2956 unique  (2956 to fetch, 0 cached)
01:06:48    profiles 100/2956 …
01:08:41    profiles 200/2956 …
01:10:33    profiles 300/2956 …
01:12:26    profiles 400/2956 …
01:14:18    profiles 500/2956 …
01:16:10    profiles 600/2956 …
01:18:03    profiles 700/2956 …
01:19:55    profiles 800/2956 …
01:21:48    profiles 900/2956 …
01:23:40    profiles 1000/2956 …
01:25:32    profiles 1100/2956 …
01:27:25    profiles 1200/2956 …
01:29:17    profiles 1300/2956 …
01:31:10    profiles 1400/2956 …
01:33:02    profiles 1500/2956 …
01:34:55    profiles 1600/2956 …
01:36:47    profiles 1700/2956 …
01:38:39    profiles 1800/2956 …
01:40:32    profiles 1900/2956 …
01:42:24    profiles 2000/2956 …
01:44:17    profiles 2100/2956 …
01:46:09    profiles 2200/2956 …
01:48:01    profiles 2300/2956 …
01:49:54    profiles 2400/2956 …
01:51:46    profiles 2500/2956 …
01:53:39    profiles 2600/2956 …
01:55:31    profiles 2700/2956 …
01:57:23    profiles 2800/2956 …
01:59:16    profiles 2900/2956 …
02:00:19  Profiles fetched: 2867 total in cache
02:00:19    2026-06: 849 posts (250 comment-sampled)  2528 comment rows  → posts_2026-06.csv
02:00:19  Months written: ['2026-06']
02:00:19  Checkpoint cleared — collection complete.
02:00:19  ============================================================
