02:00:36  ============================================================
02:00:36  Reddit Bot Analysis V2 — collection  month=2026-07
02:00:36  Posts cap: 40/month  Comment sample: 10/month
02:00:36  ============================================================
02:00:36  Subreddits (file): 25
02:00:54      r/india: 40 posts  10 comment-sampled  106 comment rows
02:01:13      r/BollyBlindsNGossip: 40 posts  10 comment-sampled  112 comment rows
02:01:32      r/indiasocial: 40 posts  10 comment-sampled  105 comment rows
02:01:51      r/developersIndia: 40 posts  10 comment-sampled  109 comment rows
02:02:10      r/IndiaCricket: 40 posts  10 comment-sampled  105 comment rows
02:02:34      r/bollywood: 40 posts  10 comment-sampled  105 comment rows
02:02:52      r/IndianStockMarket: 40 posts  10 comment-sampled  103 comment rows
02:03:11      r/indiaspeaks: 40 posts  10 comment-sampled  101 comment rows
02:03:26      r/IndiaInvestments: 8 posts  8 comment-sampled  45 comment rows
02:03:44      r/AskIndia: 40 posts  10 comment-sampled  105 comment rows
02:04:03      r/ipl: 35 posts  10 comment-sampled  99 comment rows
02:04:21      r/IndiaTech: 40 posts  10 comment-sampled  102 comment rows
02:04:41      r/IndianGaming: 39 posts  10 comment-sampled  110 comment rows
02:04:59      r/RelationshipIndia: 40 posts  10 comment-sampled  108 comment rows
02:05:17      r/personalfinanceindia: 40 posts  10 comment-sampled  103 comment rows
02:05:35      r/unitedstatesofindia: 40 posts  10 comment-sampled  105 comment rows
02:05:54      r/IndianStreetBets: 40 posts  10 comment-sampled  100 comment rows
02:06:13      r/JEENEETards: 40 posts  10 comment-sampled  104 comment rows
02:06:30      r/ISRO: 40 posts  10 comment-sampled  69 comment rows
02:06:49      r/UPSC: 40 posts  10 comment-sampled  101 comment rows
02:07:07      r/StartUpIndia: 40 posts  10 comment-sampled  101 comment rows
02:07:25      r/TwoXIndia: 40 posts  10 comment-sampled  99 comment rows
02:07:45      r/teenindia: 40 posts  10 comment-sampled  105 comment rows
02:08:04      r/AskIndianWomen: 40 posts  10 comment-sampled  107 comment rows
02:08:22      r/IndianFood: 40 posts  10 comment-sampled  105 comment rows
02:08:24  Phase 1 done — 962 posts  2514 comment rows
02:08:24  Accounts: 762 posters + 2307 commenters = 2988 unique  (2988 to fetch, 0 cached)
02:10:16    profiles 100/2988 …
02:12:09    profiles 200/2988 …
04:15:44    profiles 300/2988 …
07:02:27    profiles 400/2988 …
11:01:52    profiles 500/2988 …
11:03:44    profiles 600/2988 …
11:05:36    profiles 700/2988 …
11:07:29    profiles 800/2988 …
11:09:21    profiles 900/2988 …
11:11:14    profiles 1000/2988 …
11:13:06    profiles 1100/2988 …
11:14:58    profiles 1200/2988 …
11:16:51    profiles 1300/2988 …
11:18:43    profiles 1400/2988 …
11:20:36    profiles 1500/2988 …
11:22:28    profiles 1600/2988 …
11:24:20    profiles 1700/2988 …
11:26:13    profiles 1800/2988 …
11:28:05    profiles 1900/2988 …
11:29:57    profiles 2000/2988 …
11:31:50    profiles 2100/2988 …
11:33:42    profiles 2200/2988 …
11:35:34    profiles 2300/2988 …
11:37:27    profiles 2400/2988 …
11:39:19    profiles 2500/2988 …
11:41:12    profiles 2600/2988 …
11:43:04    profiles 2700/2988 …
11:44:56    profiles 2800/2988 …
11:46:49    profiles 2900/2988 …
11:48:28  Profiles fetched: 2940 total in cache
11:48:28    2026-07: 962 posts (248 comment-sampled)  2514 comment rows  → posts_2026-07.csv
11:48:28  Months written: ['2026-07']
11:48:28  Checkpoint cleared — collection complete.
11:48:28  ============================================================
