00:49:56  ============================================================
00:49:56  Reddit Bot Analysis V2 — collection  month=2026-05
00:49:56  ============================================================
00:49:56  Subreddits (file): 25
00:49:56    r/india
00:49:56      no posts — skipping
00:49:56    r/BollyBlindsNGossip
00:49:57      no posts — skipping
00:49:57    r/indiasocial
00:49:58      no posts — skipping
00:49:58    r/developersIndia
00:49:59      no posts — skipping
00:49:59    r/IndiaCricket
00:50:00      no posts — skipping
00:50:00    r/bollywood
00:50:01      no posts — skipping
00:50:01    r/IndianStockMarket
00:50:03      no posts — skipping
00:50:03    r/indiaspeaks
00:50:04      no posts — skipping
00:50:04    r/IndiaInvestments
00:50:05      no posts — skipping
00:50:05    r/AskIndia
00:50:06      no posts — skipping
00:50:06    r/ipl
00:50:07      no posts — skipping
00:50:07    r/IndiaTech
00:50:08      no posts — skipping
00:50:08    r/IndianGaming
00:50:09      no posts — skipping
00:50:09    r/RelationshipIndia
00:50:10      no posts — skipping
00:50:10    r/personalfinanceindia
00:50:11      no posts — skipping
00:50:11    r/unitedstatesofindia
00:50:13      no posts — skipping
00:50:13    r/IndianStreetBets
00:50:14      no posts — skipping
00:50:14    r/JEENEETards
00:50:15      no posts — skipping
00:50:15    r/ISRO
00:50:16      no posts — skipping
00:50:16    r/UPSC
00:50:17      no posts — skipping
00:50:17    r/StartUpIndia
00:50:18      no posts — skipping
00:50:18    r/TwoXIndia
00:50:19      no posts — skipping
00:50:19    r/teenindia
00:50:20      no posts — skipping
00:50:20    r/AskIndianWomen
00:50:22      no posts — skipping
00:50:22    r/IndianFood
00:50:23      no posts — skipping
00:50:23  Phase 1 done — 0 posts  0 comment-rows
00:50:23  Accounts: 0 posters + 0 commenters = 0 unique  (0 to fetch, 0 cached)
00:50:23  Profiles fetched: 0 total in cache
00:50:23  posts    → posts_2026-05.csv  (0 rows)
00:50:23  comments → commenters_2026-05.csv  (0 rows)
00:50:23  Checkpoint cleared — collection complete.
00:50:23  ============================================================
