08:14:37  ============================================================
08:14:37  Reddit Bot Analysis V2 — collection  YEAR (rolling last 365 days)
  Auth: OAuth  (53 req/min, user-agent: BotWatch/1.0 by Awaarapam)
08:14:37  Posts cap: 40/month  Comment sample: 10/month
08:14:37  ============================================================
08:14:37  Subreddits (file): 25
08:14:47      r/india: 467 fetched → 421 kept across 13 months  {'2025-06': 38, '2025-07': 38, '2025-08': 40, '2025-09': 29, '2025-10': 27, '2025-11': 24, '2025-12': 40, '2026-01': 29, '2026-02': 29, '2026-03': 34, '2026-04': 40, '2026-05': 40, '2026-06': 13}
08:14:47      ⚠  thin months (<15 posts): 2026-06
08:18:05      r/india: 130 comment-sampled posts → 1351 comment rows
08:18:18      r/BollyBlindsNGossip: 455 fetched → 405 kept across 13 months  {'2025-06': 25, '2025-07': 36, '2025-08': 28, '2025-09': 40, '2025-10': 36, '2025-11': 28, '2025-12': 40, '2026-01': 40, '2026-02': 34, '2026-03': 33, '2026-04': 33, '2026-05': 27, '2026-06': 5}
08:18:18      ⚠  thin months (<15 posts): 2026-06
08:21:28      r/BollyBlindsNGossip: 125 comment-sampled posts → 1355 comment rows
08:21:41      r/indiasocial: 451 fetched → 435 kept across 13 months  {'2025-06': 40, '2025-07': 40, '2025-08': 35, '2025-09': 40, '2025-10': 40, '2025-11': 35, '2025-12': 37, '2026-01': 27, '2026-02': 40, '2026-03': 29, '2026-04': 28, '2026-05': 40, '2026-06': 4}
08:21:41      ⚠  thin months (<15 posts): 2026-06
08:24:51      r/indiasocial: 124 comment-sampled posts → 1285 comment rows
08:25:03      r/developersIndia: 466 fetched → 434 kept across 13 months  {'2025-06': 40, '2025-07': 40, '2025-08': 36, '2025-09': 37, '2025-10': 40, '2025-11': 31, '2025-12': 34, '2026-01': 33, '2026-02': 34, '2026-03': 25, '2026-04': 40, '2026-05': 40, '2026-06': 4}
08:25:03      ⚠  thin months (<15 posts): 2026-06
08:28:10      r/developersIndia: 124 comment-sampled posts → 1298 comment rows
08:28:22      r/IndiaCricket: 441 fetched → 419 kept across 13 months  {'2025-06': 40, '2025-07': 39, '2025-08': 40, '2025-09': 23, '2025-10': 39, '2025-11': 34, '2025-12': 32, '2026-01': 25, '2026-02': 34, '2026-03': 40, '2026-04': 28, '2026-05': 40, '2026-06': 5}
08:28:22      ⚠  thin months (<15 posts): 2026-06
08:31:37      r/IndiaCricket: 125 comment-sampled posts → 1278 comment rows
08:31:51      r/bollywood: 443 fetched → 394 kept across 13 months  {'2025-06': 20, '2025-07': 40, '2025-08': 40, '2025-09': 40, '2025-10': 40, '2025-11': 35, '2025-12': 40, '2026-01': 40, '2026-02': 25, '2026-03': 29, '2026-04': 28, '2026-05': 16, '2026-06': 1}
08:31:51      ⚠  thin months (<15 posts): 2026-06
08:34:54      r/bollywood: 121 comment-sampled posts → 1279 comment rows
08:35:06      r/IndianStockMarket: 480 fetched → 363 kept across 13 months  {'2025-06': 24, '2025-07': 35, '2025-08': 40, '2025-09': 27, '2025-10': 34, '2025-11': 23, '2025-12': 15, '2026-01': 23, '2026-02': 18, '2026-03': 23, '2026-04': 40, '2026-05': 40, '2026-06': 21}
08:38:29      r/IndianStockMarket: 130 comment-sampled posts → 1350 comment rows
08:38:42      r/indiaspeaks: 420 fetched → 399 kept across 13 months  {'2025-06': 40, '2025-07': 40, '2025-08': 40, '2025-09': 40, '2025-10': 36, '2025-11': 32, '2025-12': 40, '2026-01': 27, '2026-02': 24, '2026-03': 26, '2026-04': 20, '2026-05': 31, '2026-06': 3}
08:38:42      ⚠  thin months (<15 posts): 2026-06
08:41:49      r/indiaspeaks: 123 comment-sampled posts → 1234 comment rows
08:41:59      r/IndiaInvestments: 261 fetched → 239 kept across 13 months  {'2025-06': 18, '2025-07': 40, '2025-08': 40, '2025-09': 23, '2025-10': 13, '2025-11': 8, '2025-12': 12, '2026-01': 16, '2026-02': 24, '2026-03': 22, '2026-04': 9, '2026-05': 12, '2026-06': 2}
08:41:59      ⚠  thin months (<15 posts): 2026-05, 2025-12, 2025-10, 2026-04, 2025-11, 2026-06
08:44:48      r/IndiaInvestments: 119 comment-sampled posts → 956 comment rows
08:45:00      r/AskIndia: 413 fetched → 353 kept across 13 months  {'2025-06': 40, '2025-07': 40, '2025-08': 40, '2025-09': 40, '2025-10': 24, '2025-11': 37, '2025-12': 39, '2026-01': 40, '2026-02': 19, '2026-03': 7, '2026-04': 11, '2026-05': 14, '2026-06': 2}
08:45:00      ⚠  thin months (<15 posts): 2026-05, 2026-04, 2026-03, 2026-06
08:48:02      r/AskIndia: 119 comment-sampled posts → 1250 comment rows
08:48:14      r/ipl: 461 fetched → 326 kept across 13 months  {'2025-06': 40, '2025-07': 27, '2025-08': 13, '2025-09': 19, '2025-10': 17, '2025-11': 27, '2025-12': 29, '2026-01': 10, '2026-02': 21, '2026-03': 40, '2026-04': 40, '2026-05': 40, '2026-06': 3}
08:48:14      ⚠  thin months (<15 posts): 2026-06, 2026-01, 2025-08
08:51:20      r/ipl: 123 comment-sampled posts → 1256 comment rows
08:51:32      r/IndiaTech: 469 fetched → 415 kept across 13 months  {'2025-06': 24, '2025-07': 28, '2025-08': 25, '2025-09': 29, '2025-10': 32, '2025-11': 40, '2025-12': 40, '2026-01': 38, '2026-02': 40, '2026-03': 40, '2026-04': 40, '2026-05': 37, '2026-06': 2}
08:51:32      ⚠  thin months (<15 posts): 2026-06
08:54:39      r/IndiaTech: 122 comment-sampled posts → 1269 comment rows
08:54:54      r/IndianGaming: 480 fetched → 416 kept across 13 months  {'2025-06': 24, '2025-07': 40, '2025-08': 26, '2025-09': 30, '2025-10': 40, '2025-11': 40, '2025-12': 40, '2026-01': 40, '2026-02': 40, '2026-03': 40, '2026-04': 24, '2026-05': 25, '2026-06': 7}
08:54:54      ⚠  thin months (<15 posts): 2026-06
08:58:03      r/IndianGaming: 127 comment-sampled posts → 1333 comment rows
08:58:15      r/RelationshipIndia: 420 fetched → 415 kept across 13 months  {'2025-06': 32, '2025-07': 40, '2025-08': 28, '2025-09': 30, '2025-10': 36, '2025-11': 35, '2025-12': 38, '2026-01': 31, '2026-02': 23, '2026-03': 40, '2026-04': 40, '2026-05': 37, '2026-06': 5}
08:58:15      ⚠  thin months (<15 posts): 2026-06
09:01:20      r/RelationshipIndia: 125 comment-sampled posts → 1302 comment rows
09:01:33      r/personalfinanceindia: 474 fetched → 415 kept across 13 months  {'2025-06': 39, '2025-07': 29, '2025-08': 40, '2025-09': 28, '2025-10': 30, '2025-11': 32, '2025-12': 40, '2026-01': 22, '2026-02': 34, '2026-03': 31, '2026-04': 40, '2026-05': 40, '2026-06': 10}
09:01:33      ⚠  thin months (<15 posts): 2026-06
09:04:46      r/personalfinanceindia: 130 comment-sampled posts → 1377 comment rows
09:04:58      r/unitedstatesofindia: 473 fetched → 429 kept across 13 months  {'2025-06': 37, '2025-07': 32, '2025-08': 40, '2025-09': 29, '2025-10': 30, '2025-11': 25, '2025-12': 40, '2026-01': 32, '2026-02': 40, '2026-03': 40, '2026-04': 35, '2026-05': 40, '2026-06': 9}
09:04:58      ⚠  thin months (<15 posts): 2026-06
09:08:10      r/unitedstatesofindia: 129 comment-sampled posts → 1345 comment rows
09:08:21      r/IndianStreetBets: 472 fetched → 406 kept across 13 months  {'2025-06': 25, '2025-07': 19, '2025-08': 29, '2025-09': 29, '2025-10': 36, '2025-11': 32, '2025-12': 27, '2026-01': 40, '2026-02': 40, '2026-03': 40, '2026-04': 39, '2026-05': 40, '2026-06': 10}
09:08:21      ⚠  thin months (<15 posts): 2026-06
09:11:46      r/IndianStreetBets: 130 comment-sampled posts → 1324 comment rows
09:11:59      r/JEENEETards: 421 fetched → 380 kept across 13 months  {'2025-06': 40, '2025-07': 40, '2025-08': 36, '2025-09': 18, '2025-10': 28, '2025-11': 17, '2025-12': 20, '2026-01': 32, '2026-02': 40, '2026-03': 30, '2026-04': 32, '2026-05': 40, '2026-06': 7}
09:11:59      ⚠  thin months (<15 posts): 2026-06
09:15:10      r/JEENEETards: 127 comment-sampled posts → 1294 comment rows
09:15:22      r/ISRO: 494 fetched → 423 kept across 13 months  {'2025-06': 28, '2025-07': 40, '2025-08': 40, '2025-09': 25, '2025-10': 40, '2025-11': 40, '2025-12': 40, '2026-01': 40, '2026-02': 40, '2026-03': 40, '2026-04': 27, '2026-05': 22, '2026-06': 1}
09:15:22      ⚠  thin months (<15 posts): 2026-06
09:18:09      r/ISRO: 121 comment-sampled posts → 500 comment rows
09:18:21      r/UPSC: 434 fetched → 412 kept across 13 months  {'2025-06': 38, '2025-07': 30, '2025-08': 35, '2025-09': 28, '2025-10': 32, '2025-11': 29, '2025-12': 40, '2026-01': 40, '2026-02': 34, '2026-03': 40, '2026-04': 26, '2026-05': 38, '2026-06': 2}
09:18:21      ⚠  thin months (<15 posts): 2026-06
09:21:16      r/UPSC: 122 comment-sampled posts → 1204 comment rows
09:21:29      r/StartUpIndia: 467 fetched → 445 kept across 13 months  {'2025-06': 33, '2025-07': 40, '2025-08': 26, '2025-09': 36, '2025-10': 40, '2025-11': 40, '2025-12': 39, '2026-01': 39, '2026-02': 36, '2026-03': 40, '2026-04': 33, '2026-05': 39, '2026-06': 4}
09:21:29      ⚠  thin months (<15 posts): 2026-06
09:24:33      r/StartUpIndia: 124 comment-sampled posts → 1270 comment rows
09:24:46      r/TwoXIndia: 456 fetched → 439 kept across 13 months  {'2025-06': 20, '2025-07': 35, '2025-08': 40, '2025-09': 40, '2025-10': 40, '2025-11': 30, '2025-12': 39, '2026-01': 40, '2026-02': 36, '2026-03': 37, '2026-04': 40, '2026-05': 35, '2026-06': 7}
09:24:46      ⚠  thin months (<15 posts): 2026-06
09:27:53      r/TwoXIndia: 127 comment-sampled posts → 1268 comment rows
09:28:07      r/teenindia: 398 fetched → 366 kept across 13 months  {'2025-06': 19, '2025-07': 23, '2025-08': 23, '2025-09': 27, '2025-10': 20, '2025-11': 40, '2025-12': 40, '2026-01': 40, '2026-02': 29, '2026-03': 28, '2026-04': 27, '2026-05': 40, '2026-06': 10}
09:28:07      ⚠  thin months (<15 posts): 2026-06
09:31:31      r/teenindia: 130 comment-sampled posts → 1269 comment rows
09:31:45      r/AskIndianWomen: 414 fetched → 398 kept across 13 months  {'2025-06': 30, '2025-07': 39, '2025-08': 40, '2025-09': 40, '2025-10': 27, '2025-11': 40, '2025-12': 37, '2026-01': 36, '2026-02': 25, '2026-03': 29, '2026-04': 29, '2026-05': 24, '2026-06': 2}
09:31:45      ⚠  thin months (<15 posts): 2026-06
09:34:51      r/AskIndianWomen: 122 comment-sampled posts → 1261 comment rows
09:35:03      r/IndianFood: 476 fetched → 424 kept across 13 months  {'2025-06': 34, '2025-07': 40, '2025-08': 40, '2025-09': 40, '2025-10': 38, '2025-11': 23, '2025-12': 20, '2026-01': 34, '2026-02': 40, '2026-03': 38, '2026-04': 33, '2026-05': 40, '2026-06': 4}
09:35:03      ⚠  thin months (<15 posts): 2026-06
09:38:10      r/IndianFood: 124 comment-sampled posts → 1296 comment rows
09:38:12  Phase 1 done — 9971 posts  31204 comment rows
09:38:12  Accounts: 6462 posters + 22528 commenters = 27573 unique  (27573 to fetch, 0 cached)
09:40:04    profiles 100/27573 …
09:41:57    profiles 200/27573 …
09:43:49    profiles 300/27573 …
09:45:42    profiles 400/27573 …
09:47:35    profiles 500/27573 …
09:49:27    profiles 600/27573 …
09:51:20    profiles 700/27573 …
09:53:13    profiles 800/27573 …
09:55:06    profiles 900/27573 …
09:56:58    profiles 1000/27573 …
09:58:51    profiles 1100/27573 …
10:00:43    profiles 1200/27573 …
10:02:36    profiles 1300/27573 …
10:04:29    profiles 1400/27573 …
10:06:21    profiles 1500/27573 …
10:08:14    profiles 1600/27573 …
10:10:07    profiles 1700/27573 …
10:11:59    profiles 1800/27573 …
10:13:52    profiles 1900/27573 …
10:15:45    profiles 2000/27573 …
10:17:37    profiles 2100/27573 …
10:19:30    profiles 2200/27573 …
10:21:23    profiles 2300/27573 …
10:23:16    profiles 2400/27573 …
10:25:08    profiles 2500/27573 …
10:27:01    profiles 2600/27573 …
10:28:54    profiles 2700/27573 …
10:30:47    profiles 2800/27573 …
10:32:39    profiles 2900/27573 …
10:34:32    profiles 3000/27573 …
10:36:24    profiles 3100/27573 …
10:38:17    profiles 3200/27573 …
10:40:10    profiles 3300/27573 …
10:42:02    profiles 3400/27573 …
10:43:55    profiles 3500/27573 …
10:45:48    profiles 3600/27573 …
10:47:40    profiles 3700/27573 …
10:49:33    profiles 3800/27573 …
10:51:26    profiles 3900/27573 …
10:53:18    profiles 4000/27573 …
10:55:11    profiles 4100/27573 …
10:57:04    profiles 4200/27573 …
10:58:56    profiles 4300/27573 …
11:00:49    profiles 4400/27573 …
11:02:42    profiles 4500/27573 …
11:04:34    profiles 4600/27573 …
11:06:27    profiles 4700/27573 …
11:08:20    profiles 4800/27573 …
11:10:12    profiles 4900/27573 …
11:12:06    profiles 5000/27573 …
11:13:58    profiles 5100/27573 …
11:15:50    profiles 5200/27573 …
11:17:43    profiles 5300/27573 …
11:19:36    profiles 5400/27573 …
11:21:28    profiles 5500/27573 …
11:23:21    profiles 5600/27573 …
11:25:14    profiles 5700/27573 …
11:27:06    profiles 5800/27573 …
11:28:59    profiles 5900/27573 …
11:30:52    profiles 6000/27573 …
11:32:45    profiles 6100/27573 …
11:34:37    profiles 6200/27573 …
11:36:30    profiles 6300/27573 …
11:38:22    profiles 6400/27573 …
11:40:15    profiles 6500/27573 …
11:42:08    profiles 6600/27573 …
11:44:00    profiles 6700/27573 …
11:45:53    profiles 6800/27573 …
11:47:46    profiles 6900/27573 …
11:49:39    profiles 7000/27573 …
11:51:31    profiles 7100/27573 …
11:53:24    profiles 7200/27573 …
11:55:17    profiles 7300/27573 …
11:57:10    profiles 7400/27573 …
11:59:02    profiles 7500/27573 …
12:00:55    profiles 7600/27573 …
12:02:47    profiles 7700/27573 …
12:04:40    profiles 7800/27573 …
12:06:33    profiles 7900/27573 …
12:08:25    profiles 8000/27573 …
12:10:18    profiles 8100/27573 …
12:12:11    profiles 8200/27573 …
12:14:04    profiles 8300/27573 …
12:15:56    profiles 8400/27573 …
12:17:49    profiles 8500/27573 …
12:19:41    profiles 8600/27573 …
12:21:34    profiles 8700/27573 …
12:23:27    profiles 8800/27573 …
12:25:19    profiles 8900/27573 …
12:27:12    profiles 9000/27573 …
12:29:05    profiles 9100/27573 …
12:30:58    profiles 9200/27573 …
12:32:50    profiles 9300/27573 …
12:34:43    profiles 9400/27573 …
12:36:37    profiles 9500/27573 …
12:38:28    profiles 9600/27573 …
12:40:22    profiles 9700/27573 …
12:42:15    profiles 9800/27573 …
12:44:10    profiles 9900/27573 …
12:46:00    profiles 10000/27573 …
12:47:53    profiles 10100/27573 …
12:49:46    profiles 10200/27573 …
12:51:38    profiles 10300/27573 …
12:53:31    profiles 10400/27573 …
12:55:24    profiles 10500/27573 …
12:57:16    profiles 10600/27573 …
12:59:09    profiles 10700/27573 …
13:01:02    profiles 10800/27573 …
13:02:54    profiles 10900/27573 …
13:04:47    profiles 11000/27573 …
13:06:41    profiles 11100/27573 …
13:08:33    profiles 11200/27573 …
13:10:26    profiles 11300/27573 …
13:12:18    profiles 11400/27573 …
13:14:11    profiles 11500/27573 …
13:16:03    profiles 11600/27573 …
13:17:56    profiles 11700/27573 …
13:19:49    profiles 11800/27573 …
13:21:41    profiles 11900/27573 …
13:23:34    profiles 12000/27573 …
13:25:27    profiles 12100/27573 …
13:27:19    profiles 12200/27573 …
13:29:12    profiles 12300/27573 …
13:31:05    profiles 12400/27573 …
13:32:57    profiles 12500/27573 …
13:34:50    profiles 12600/27573 …
13:36:43    profiles 12700/27573 …
13:38:35    profiles 12800/27573 …
13:40:28    profiles 12900/27573 …
13:42:21    profiles 13000/27573 …
13:44:13    profiles 13100/27573 …
13:46:06    profiles 13200/27573 …
13:47:59    profiles 13300/27573 …
13:49:51    profiles 13400/27573 …
13:51:44    profiles 13500/27573 …
13:53:36    profiles 13600/27573 …
13:55:29    profiles 13700/27573 …
13:57:22    profiles 13800/27573 …
13:59:17    profiles 13900/27573 …
14:01:07    profiles 14000/27573 …
14:03:00    profiles 14100/27573 …
14:04:52    profiles 14200/27573 …
14:06:45    profiles 14300/27573 …
14:08:38    profiles 14400/27573 …
14:10:31    profiles 14500/27573 …
14:12:23    profiles 14600/27573 …
14:14:16    profiles 14700/27573 …
14:16:09    profiles 14800/27573 …
14:18:01    profiles 14900/27573 …
14:19:55    profiles 15000/27573 …
14:21:47    profiles 15100/27573 …
14:23:39    profiles 15200/27573 …
14:25:32    profiles 15300/27573 …
14:27:24    profiles 15400/27573 …
14:29:17    profiles 15500/27573 …
14:31:10    profiles 15600/27573 …
14:33:04    profiles 15700/27573 …
14:34:55    profiles 15800/27573 …
14:36:49    profiles 15900/27573 …
14:38:42    profiles 16000/27573 …
14:40:35    profiles 16100/27573 …
14:42:27    profiles 16200/27573 …
14:44:20    profiles 16300/27573 …
14:46:12    profiles 16400/27573 …
14:48:05    profiles 16500/27573 …
14:49:58    profiles 16600/27573 …
14:51:50    profiles 16700/27573 …
14:53:43    profiles 16800/27573 …
14:55:36    profiles 16900/27573 …
14:57:28    profiles 17000/27573 …
14:59:21    profiles 17100/27573 …
15:01:14    profiles 17200/27573 …
15:03:06    profiles 17300/27573 …
15:04:59    profiles 17400/27573 …
15:06:52    profiles 17500/27573 …
15:08:44    profiles 17600/27573 …
15:10:37    profiles 17700/27573 …
15:12:30    profiles 17800/27573 …
15:14:22    profiles 17900/27573 …
15:16:15    profiles 18000/27573 …
15:18:08    profiles 18100/27573 …
15:20:01    profiles 18200/27573 …
15:21:54    profiles 18300/27573 …
15:23:46    profiles 18400/27573 …
15:25:38    profiles 18500/27573 …
15:27:31    profiles 18600/27573 …
15:29:24    profiles 18700/27573 …
15:31:17    profiles 18800/27573 …
15:33:09    profiles 18900/27573 …
15:35:02    profiles 19000/27573 …
15:36:54    profiles 19100/27573 …
15:38:47    profiles 19200/27573 …
15:40:41    profiles 19300/27573 …
15:42:32    profiles 19400/27573 …
15:44:25    profiles 19500/27573 …
15:46:18    profiles 19600/27573 …
15:48:11    profiles 19700/27573 …
15:50:03    profiles 19800/27573 …
15:51:56    profiles 19900/27573 …
15:53:49    profiles 20000/27573 …
15:55:41    profiles 20100/27573 …
15:57:34    profiles 20200/27573 …
15:59:26    profiles 20300/27573 …
16:01:19    profiles 20400/27573 …
16:03:12    profiles 20500/27573 …
16:05:04    profiles 20600/27573 …
16:06:57    profiles 20700/27573 …
16:08:50    profiles 20800/27573 …
16:10:42    profiles 20900/27573 …
16:12:35    profiles 21000/27573 …
16:14:28    profiles 21100/27573 …
16:16:20    profiles 21200/27573 …
16:18:13    profiles 21300/27573 …
16:20:06    profiles 21400/27573 …
16:21:58    profiles 21500/27573 …
16:23:51    profiles 21600/27573 …
16:25:44    profiles 21700/27573 …
16:27:36    profiles 21800/27573 …
16:29:29    profiles 21900/27573 …
16:31:21    profiles 22000/27573 …
16:33:14    profiles 22100/27573 …
16:35:07    profiles 22200/27573 …
16:36:59    profiles 22300/27573 …
16:38:52    profiles 22400/27573 …
16:40:45    profiles 22500/27573 …
16:42:37    profiles 22600/27573 …
16:44:30    profiles 22700/27573 …
16:46:23    profiles 22800/27573 …
16:48:15    profiles 22900/27573 …
16:50:08    profiles 23000/27573 …
16:52:01    profiles 23100/27573 …
16:53:53    profiles 23200/27573 …
16:55:46    profiles 23300/27573 …
16:57:39    profiles 23400/27573 …
16:59:31    profiles 23500/27573 …
17:01:24    profiles 23600/27573 …
17:03:17    profiles 23700/27573 …
17:05:09    profiles 23800/27573 …
17:07:02    profiles 23900/27573 …
17:08:55    profiles 24000/27573 …
17:10:47    profiles 24100/27573 …
17:12:40    profiles 24200/27573 …
17:14:32    profiles 24300/27573 …
17:16:25    profiles 24400/27573 …
17:18:18    profiles 24500/27573 …
17:20:11    profiles 24600/27573 …
17:22:03    profiles 24700/27573 …
17:23:56    profiles 24800/27573 …
17:25:49    profiles 24900/27573 …
17:27:41    profiles 25000/27573 …
17:29:35    profiles 25100/27573 …
17:31:28    profiles 25200/27573 …
17:33:20    profiles 25300/27573 …
17:35:13    profiles 25400/27573 …
17:37:06    profiles 25500/27573 …
17:38:58    profiles 25600/27573 …
17:40:51    profiles 25700/27573 …
17:42:44    profiles 25800/27573 …
17:44:36    profiles 25900/27573 …
17:46:29    profiles 26000/27573 …
17:48:22    profiles 26100/27573 …
17:50:15    profiles 26200/27573 …
17:52:07    profiles 26300/27573 …
17:54:00    profiles 26400/27573 …
17:55:52    profiles 26500/27573 …
17:57:45    profiles 26600/27573 …
17:59:38    profiles 26700/27573 …
18:01:30    profiles 26800/27573 …
18:03:24    profiles 26900/27573 …
18:05:17    profiles 27000/27573 …
18:07:10    profiles 27100/27573 …
18:09:02    profiles 27200/27573 …
18:10:55    profiles 27300/27573 …
18:12:48    profiles 27400/27573 …
18:14:40    profiles 27500/27573 …
18:16:03  Profiles fetched: 25611 total in cache
18:16:06    2025-06: 788 posts (250 comment-sampled)  2467 comment rows  → posts_2025-06.csv
18:16:06    2025-07: 890 posts (250 comment-sampled)  2511 comment rows  → posts_2025-07.csv
18:16:06    2025-08: 860 posts (250 comment-sampled)  2512 comment rows  → posts_2025-08.csv
18:16:06    2025-09: 787 posts (250 comment-sampled)  2490 comment rows  → posts_2025-09.csv
18:16:06    2025-10: 815 posts (250 comment-sampled)  2495 comment rows  → posts_2025-10.csv
18:16:06    2025-11: 777 posts (248 comment-sampled)  2447 comment rows  → posts_2025-11.csv
18:16:06    2025-12: 858 posts (250 comment-sampled)  2457 comment rows  → posts_2025-12.csv
18:16:06    2026-01: 814 posts (250 comment-sampled)  2532 comment rows  → posts_2026-01.csv
18:16:06    2026-02: 799 posts (250 comment-sampled)  2479 comment rows  → posts_2026-02.csv
18:16:06    2026-03: 821 posts (247 comment-sampled)  2476 comment rows  → posts_2026-03.csv
18:16:06    2026-04: 782 posts (249 comment-sampled)  2500 comment rows  → posts_2026-04.csv
18:16:06    2026-05: 837 posts (250 comment-sampled)  2531 comment rows  → posts_2026-05.csv
18:16:06    2026-06: 143 posts (129 comment-sampled)  1307 comment rows  → posts_2026-06.csv
18:16:06  Months written: ['2025-06', '2025-07', '2025-08', '2025-09', '2025-10', '2025-11', '2025-12', '2026-01', '2026-02', '2026-03', '2026-04', '2026-05', '2026-06']
18:16:06  Checkpoint cleared — collection complete.
18:16:06  ============================================================
