=== Reddit Bot Analysis (V2) — Thu Jul 30 19:53:33 CEST 2026 ===
skip-collect: true
[STEP 1] Skipping collection (--skip-collect)
[STEP 2] Refreshing account-risk model against the current corpus…

======================================================================
PRODUCTION ACCOUNT-RISK MODEL
======================================================================

Using coefficients from weak_label_classifier.json (fit on n=7872, cv_roc_auc=0.663, gone_rate=0.042)

Loading full corpus + building account features…
  29,018 unique accounts

Scoring population (population-standardized, no intercept — relative risk ranking)…
  risk_score range: 0.0 – 100.0  median: 64.3
  "high risk" (top 10%) is now computed month-relatively at analysis time, not baked into this file — see month_relative_high_risk.

Saved: /Users/anupamvashist/Documents/Project writeups/Analysis Report- reddit-bot-analysis/output/v2/account_risk_scores.csv

Recomputing historical (subreddit, month) pct_high_risk rollup for severity bands (month-relative threshold, matching production)…
  n=350 sub-month rollups  p50=12.0  p80=19.0  p95=25.0

Wrote account_model + severity_bands to /Users/anupamvashist/Documents/Project writeups/Analysis Report- reddit-bot-analysis/reports/findings.json
======================================================================

[STEP 3] Scoring…

======================================================================
REDDIT BOT ANALYSIS V2 — SCORING ENGINE
Timestamp: 2026-07-30 19:53:36
======================================================================

Data: 1448 posts (480 supplementary non-top)  2538 comment-rows  month=2026-07  subs=25
  Month-relative high-risk threshold: 68.7 (top 10% of this month's active accounts)

Running components…
  Account-risk rollup done (drives final_score; top-sample only)
  Baseline comparison done (diagnostic only, calibration use of random supplement)
  Account signals done (diagnostic only, top-sample only)
  Comment ring detection done (diagnostic only, top-sample only)
  Engagement structure done (diagnostic only, top-sample only)
  Temporal patterns done (diagnostic only, top-sample only)
  Vote distribution done (diagnostic only, top-sample only)
  Network/text signals done (diagnostic only, top-sample only)
  Post-level coordination done (diagnostic only)
  Co-occurrence network done (diagnostic only)

======================================================================
BOT ACTIVITY RANKINGS (V2)
======================================================================

#1 r/IndiaCricket              Score:  32.0/100  [CRITICAL]  (144 activity rows)
     [diagnostic] Acct: 51.0  Ring: 64.9  Eng: 67.0  Temp: 34.4  Dist: 58.0
     [diagnostic] FullyCoord: 10.0%  CommenterOnlyRisk:  0.0%  RepeatPairRate: 20.0%

#2 r/teenindia                 Score:  26.0/100  [CRITICAL]  (144 activity rows)
     [diagnostic] Acct: 32.5  Ring: 71.9  Eng: 66.5  Temp: 27.8  Dist: 49.3
     [diagnostic] FullyCoord:  0.0%  CommenterOnlyRisk:  0.0%  RepeatPairRate:  0.0%

#3 r/ipl                       Score:  24.0/100  [HIGH]  (138 activity rows)
     [diagnostic] Acct: 45.6  Ring: 30.4  Eng: 32.9  Temp: 32.0  Dist: 25.6
     [diagnostic] FullyCoord:  0.0%  CommenterOnlyRisk:  0.0%  RepeatPairRate:  0.0%

#4 r/JEENEETards               Score:  24.0/100  [HIGH]  (139 activity rows)
     [diagnostic] Acct: 36.4  Ring: 64.1  Eng: 52.1  Temp: 30.1  Dist: 53.1
     [diagnostic] FullyCoord:  0.0%  CommenterOnlyRisk:  0.0%  RepeatPairRate:  0.0%

#5 r/indiaspeaks               Score:  22.0/100  [HIGH]  (139 activity rows)
     [diagnostic] Acct: 33.3  Ring: 55.1  Eng: 49.6  Temp: 31.1  Dist: 65.5
     [diagnostic] FullyCoord:  0.0%  CommenterOnlyRisk:  0.0%  RepeatPairRate: 20.0%

#6 r/BollyBlindsNGossip        Score:  17.0/100  [MODERATE]  (151 activity rows)
     [diagnostic] Acct: 36.4  Ring: 82.0  Eng: 41.0  Temp: 23.4  Dist: 57.2
     [diagnostic] FullyCoord:  0.0%  CommenterOnlyRisk:  0.0%  RepeatPairRate: 20.0%

#7 r/IndiaInvestments          Score:  16.0/100  [MODERATE]  (51 activity rows)
     [diagnostic] Acct: 18.2  Ring:  6.2  Eng: 53.4  Temp: 35.9  Dist: 24.6
     [diagnostic] FullyCoord:  0.0%  CommenterOnlyRisk:  0.0%  RepeatPairRate: 57.1%

#8 r/india                     Score:  15.0/100  [MODERATE]  (144 activity rows)
     [diagnostic] Acct: 23.7  Ring: 59.9  Eng: 18.2  Temp: 30.3  Dist: 59.4
     [diagnostic] FullyCoord:  0.0%  CommenterOnlyRisk:  0.0%  RepeatPairRate:  0.0%

#9 r/unitedstatesofindia       Score:  15.0/100  [MODERATE]  (146 activity rows)
     [diagnostic] Acct: 31.8  Ring: 51.7  Eng: 41.1  Temp: 26.4  Dist: 76.7
     [diagnostic] FullyCoord:  0.0%  CommenterOnlyRisk:  0.0%  RepeatPairRate:  0.0%

#10 r/indiasocial               Score:  14.0/100  [MODERATE]  (139 activity rows)
     [diagnostic] Acct: 25.3  Ring: 49.2  Eng: 56.1  Temp: 26.3  Dist: 50.5
     [diagnostic] FullyCoord:  0.0%  CommenterOnlyRisk:  0.0%  RepeatPairRate:  0.0%

#11 r/IndiaTech                 Score:  14.0/100  [MODERATE]  (141 activity rows)
     [diagnostic] Acct: 24.1  Ring: 57.4  Eng: 21.4  Temp: 29.1  Dist: 44.5
     [diagnostic] FullyCoord:  0.0%  CommenterOnlyRisk:  0.0%  RepeatPairRate:  0.0%

#12 r/bollywood                 Score:  13.0/100  [MODERATE]  (145 activity rows)
     [diagnostic] Acct: 22.4  Ring: 38.9  Eng: 10.0  Temp: 32.7  Dist: 43.3
     [diagnostic] FullyCoord:  0.0%  CommenterOnlyRisk:  0.0%  RepeatPairRate:  0.0%

#13 r/IndianStreetBets          Score:  11.0/100  [LOW]  (138 activity rows)
     [diagnostic] Acct: 17.3  Ring: 42.4  Eng: 19.6  Temp: 22.8  Dist: 25.0
     [diagnostic] FullyCoord:  0.0%  CommenterOnlyRisk:  0.0%  RepeatPairRate:  0.0%

#14 r/ISRO                      Score:  11.0/100  [LOW]  (109 activity rows)
     [diagnostic] Acct:  8.5  Ring: 18.3  Eng: 21.8  Temp: 28.9  Dist: 20.0
     [diagnostic] FullyCoord:  0.0%  CommenterOnlyRisk:  0.0%  RepeatPairRate: 20.0%

#15 r/UPSC                      Score:  11.0/100  [LOW]  (152 activity rows)
     [diagnostic] Acct: 19.4  Ring: 44.2  Eng: 27.9  Temp: 29.4  Dist: 48.0
     [diagnostic] FullyCoord:  0.0%  CommenterOnlyRisk:  0.0%  RepeatPairRate:  0.0%

#16 r/AskIndianWomen            Score:   9.0/100  [LOW]  (141 activity rows)
     [diagnostic] Acct: 14.9  Ring: 57.9  Eng:  6.8  Temp: 30.1  Dist: 58.4
     [diagnostic] FullyCoord:  0.0%  CommenterOnlyRisk:  0.0%  RepeatPairRate:  0.0%

#17 r/StartUpIndia              Score:   8.0/100  [LOW]  (139 activity rows)
     [diagnostic] Acct: 17.4  Ring: 30.0  Eng:  5.8  Temp: 27.0  Dist: 24.3
     [diagnostic] FullyCoord:  0.0%  CommenterOnlyRisk:  0.0%  RepeatPairRate:  0.0%

#18 r/TwoXIndia                 Score:   8.0/100  [LOW]  (143 activity rows)
     [diagnostic] Acct:  8.9  Ring: 35.0  Eng: 39.6  Temp: 26.7  Dist: 46.5
     [diagnostic] FullyCoord:  0.0%  CommenterOnlyRisk:  0.0%  RepeatPairRate:  0.0%

#19 r/AskIndia                  Score:   7.0/100  [LOW]  (146 activity rows)
     [diagnostic] Acct: 10.0  Ring: 51.9  Eng: 11.4  Temp: 33.4  Dist: 54.0
     [diagnostic] FullyCoord:  0.0%  CommenterOnlyRisk:  0.0%  RepeatPairRate:  0.0%

#20 r/RelationshipIndia         Score:   7.0/100  [LOW]  (150 activity rows)
     [diagnostic] Acct: 12.7  Ring: 44.9  Eng: 21.8  Temp: 25.6  Dist: 53.1
     [diagnostic] FullyCoord:  0.0%  CommenterOnlyRisk:  0.0%  RepeatPairRate:  0.0%

#21 r/personalfinanceindia      Score:   7.0/100  [LOW]  (149 activity rows)
     [diagnostic] Acct:  9.7  Ring: 60.8  Eng:  2.7  Temp: 29.2  Dist: 48.6
     [diagnostic] FullyCoord:  0.0%  CommenterOnlyRisk:  0.0%  RepeatPairRate:  0.0%

#22 r/developersIndia           Score:   6.0/100  [LOW]  (145 activity rows)
     [diagnostic] Acct:  8.6  Ring: 71.7  Eng:  6.2  Temp: 33.3  Dist: 53.6
     [diagnostic] FullyCoord:  0.0%  CommenterOnlyRisk:  0.0%  RepeatPairRate:  0.0%

#23 r/IndianStockMarket         Score:   6.0/100  [LOW]  (143 activity rows)
     [diagnostic] Acct: 11.6  Ring: 40.4  Eng: 14.5  Temp: 20.0  Dist: 47.2
     [diagnostic] FullyCoord:  0.0%  CommenterOnlyRisk:  0.0%  RepeatPairRate:  0.0%

#24 r/IndianGaming              Score:   5.0/100  [LOW]  (148 activity rows)
     [diagnostic] Acct: 17.9  Ring: 64.0  Eng:  4.4  Temp: 33.2  Dist: 43.2
     [diagnostic] FullyCoord:  0.0%  CommenterOnlyRisk:  0.0%  RepeatPairRate:  0.0%

#25 r/IndianFood                Score:   5.0/100  [LOW]  (145 activity rows)
     [diagnostic] Acct:  8.4  Ring: 42.1  Eng:  1.3  Temp: 23.8  Dist: 20.0
     [diagnostic] FullyCoord:  0.0%  CommenterOnlyRisk:  0.0%  RepeatPairRate:  0.0%

Saved: /Users/anupamvashist/Documents/Project writeups/Analysis Report- reddit-bot-analysis/output/v2/analysis_2026-07_20260730_195337.json
======================================================================

[STEP 4] Generating site data…

======================================================================
GENERATE SITE DATA  (V2)
Timestamp: 2026-07-30 19:53:38
======================================================================
  Wrote 2026-07.json
  Wrote history.json
  Copied findings.json

Done. 1 month(s) written to docs/data_v2/
======================================================================


=== Done. Push: git add docs/data_v2/ data/v2/ output/v2/ reports/findings.json && git commit -m 'Monthly V2 report' && git push ===
